// Jest Snapshot v1, https://goo.gl/fbAQLP

exports[`<Loading /> It renders correctly initially 1`] = `<Fragment />`;
